2025-12-10 09:56:34 [INFO] configurar_logs: 🟢 Logging configurado correctamente
2025-12-10 09:56:34 [INFO] paezlobato_servidor: Aplicación iniciada
2025-12-10 09:56:34 [INFO] paezlobato_servidor: Rutas montadas correctamente
2025-12-10 09:57:15 [INFO] configurar_logs: 🟢 Logging configurado correctamente
2025-12-10 09:57:15 [INFO] paezlobato_servidor: Aplicación iniciada
2025-12-10 09:57:15 [INFO] paezlobato_servidor: Rutas montadas correctamente
2025-12-10 09:57:27 [INFO] paezlobato_crud_routes: Acción recibida: maestros
2025-12-10 09:57:31 [INFO] paezlobato_crud_routes: Acción recibida: cargar_cuadrantes
2025-12-10 09:57:39 [INFO] paezlobato_crud_routes: Acción recibida: cargar_entradas
2025-12-11 08:34:31 [INFO] configurar_logs: 🟢 Logging configurado correctamente
2025-12-11 08:34:31 [INFO] paezlobato_servidor: Aplicación iniciada
2025-12-11 08:34:31 [INFO] paezlobato_servidor: Rutas montadas correctamente
2025-12-11 08:36:22 [INFO] configurar_logs: 🟢 Logging configurado correctamente
2025-12-11 08:36:22 [INFO] paezlobato_servidor: Aplicación iniciada
2025-12-11 08:36:22 [INFO] paezlobato_servidor: Rutas montadas correctamente
2025-12-11 08:36:48 [INFO] paezlobato_crud_routes: Acción recibida: maestros
2025-12-11 08:36:52 [INFO] paezlobato_crud_routes: Acción recibida: cargar_cuadrantes
2025-12-11 08:36:55 [INFO] paezlobato_crud_routes: Acción recibida: insertar_detalle_cuadrante
2025-12-11 08:36:56 [INFO] paezlobato_crud_routes: Acción recibida: insertar_detalle_cuadrante
2025-12-11 08:36:59 [INFO] paezlobato_crud_routes: Acción recibida: insertar_detalle_cuadrante
2025-12-11 08:37:01 [INFO] paezlobato_crud_routes: Acción recibida: eliminar_detalle_cuadrante
2025-12-11 08:37:01 [INFO] paezlobato_colector: Detalle de cuadrante ID 39 eliminado.
2025-12-11 08:37:02 [INFO] paezlobato_crud_routes: Acción recibida: eliminar_detalle_cuadrante
2025-12-11 08:37:02 [INFO] paezlobato_colector: Detalle de cuadrante ID 38 eliminado.
2025-12-11 08:37:04 [INFO] paezlobato_crud_routes: Acción recibida: eliminar_detalle_cuadrante
2025-12-11 08:37:04 [INFO] paezlobato_colector: Detalle de cuadrante ID 37 eliminado.
2025-12-11 09:18:23 [INFO] configurar_logs: 🟢 Logging configurado correctamente
2025-12-11 09:18:23 [INFO] paezlobato_servidor: Aplicación iniciada
2025-12-11 09:18:23 [INFO] paezlobato_servidor: Rutas montadas correctamente
2025-12-11 09:19:44 [ERROR] paezlobato_servidor: Fallo al inicializar datos maestros
Traceback (most recent call last):
  File "C:\Users\RAFAEL\AppData\Local\Programs\Python\Python312\Lib\site-packages\mysql\connector\connection_cext.py", line 354, in _open_connection
    self._cmysql.connect(**cnx_kwargs)
_mysql_connector.MySQLInterfaceError: Lost connection to MySQL server at 'reading initial communication packet', system error: 0

The above exception was the direct cause of the following exception:

Traceback (most recent call last):
  File "C:\Users\RAFAEL\AppData\Local\Programs\Python\Python312\Lib\site-packages\sqlalchemy\engine\base.py", line 143, in __init__
    self._dbapi_connection = engine.raw_connection()
                             ^^^^^^^^^^^^^^^^^^^^^^^
  File "C:\Users\RAFAEL\AppData\Local\Programs\Python\Python312\Lib\site-packages\sqlalchemy\engine\base.py", line 3301, in raw_connection
    return self.pool.connect()
           ^^^^^^^^^^^^^^^^^^^
  File "C:\Users\RAFAEL\AppData\Local\Programs\Python\Python312\Lib\site-packages\sqlalchemy\pool\base.py", line 447, in connect
    return _ConnectionFairy._checkout(self)
           ^^^^^^^^^^^^^^^^^^^^^^^^^^^^^^^^
  File "C:\Users\RAFAEL\AppData\Local\Programs\Python\Python312\Lib\site-packages\sqlalchemy\pool\base.py", line 1264, in _checkout
    fairy = _ConnectionRecord.checkout(pool)
            ^^^^^^^^^^^^^^^^^^^^^^^^^^^^^^^^
  File "C:\Users\RAFAEL\AppData\Local\Programs\Python\Python312\Lib\site-packages\sqlalchemy\pool\base.py", line 711, in checkout
    rec = pool._do_get()
          ^^^^^^^^^^^^^^
  File "C:\Users\RAFAEL\AppData\Local\Programs\Python\Python312\Lib\site-packages\sqlalchemy\pool\impl.py", line 177, in _do_get
    with util.safe_reraise():
         ^^^^^^^^^^^^^^^^^^^
  File "C:\Users\RAFAEL\AppData\Local\Programs\Python\Python312\Lib\site-packages\sqlalchemy\util\langhelpers.py", line 224, in __exit__
    raise exc_value.with_traceback(exc_tb)
  File "C:\Users\RAFAEL\AppData\Local\Programs\Python\Python312\Lib\site-packages\sqlalchemy\pool\impl.py", line 175, in _do_get
    return self._create_connection()
           ^^^^^^^^^^^^^^^^^^^^^^^^^
  File "C:\Users\RAFAEL\AppData\Local\Programs\Python\Python312\Lib\site-packages\sqlalchemy\pool\base.py", line 388, in _create_connection
    return _ConnectionRecord(self)
           ^^^^^^^^^^^^^^^^^^^^^^^
  File "C:\Users\RAFAEL\AppData\Local\Programs\Python\Python312\Lib\site-packages\sqlalchemy\pool\base.py", line 673, in __init__
    self.__connect()
  File "C:\Users\RAFAEL\AppData\Local\Programs\Python\Python312\Lib\site-packages\sqlalchemy\pool\base.py", line 899, in __connect
    with util.safe_reraise():
         ^^^^^^^^^^^^^^^^^^^
  File "C:\Users\RAFAEL\AppData\Local\Programs\Python\Python312\Lib\site-packages\sqlalchemy\util\langhelpers.py", line 224, in __exit__
    raise exc_value.with_traceback(exc_tb)
  File "C:\Users\RAFAEL\AppData\Local\Programs\Python\Python312\Lib\site-packages\sqlalchemy\pool\base.py", line 895, in __connect
    self.dbapi_connection = connection = pool._invoke_creator(self)
                                         ^^^^^^^^^^^^^^^^^^^^^^^^^^
  File "C:\Users\RAFAEL\AppData\Local\Programs\Python\Python312\Lib\site-packages\sqlalchemy\engine\create.py", line 661, in connect
    return dialect.connect(*cargs, **cparams)
           ^^^^^^^^^^^^^^^^^^^^^^^^^^^^^^^^^^
  File "C:\Users\RAFAEL\AppData\Local\Programs\Python\Python312\Lib\site-packages\sqlalchemy\engine\default.py", line 629, in connect
    return self.loaded_dbapi.connect(*cargs, **cparams)  # type: ignore[no-any-return]  # NOQA: E501
           ^^^^^^^^^^^^^^^^^^^^^^^^^^^^^^^^^^^^^^^^^^^^
  File "C:\Users\RAFAEL\AppData\Local\Programs\Python\Python312\Lib\site-packages\mysql\connector\pooling.py", line 322, in connect
    return CMySQLConnection(*args, **kwargs)
           ^^^^^^^^^^^^^^^^^^^^^^^^^^^^^^^^^
  File "C:\Users\RAFAEL\AppData\Local\Programs\Python\Python312\Lib\site-packages\mysql\connector\connection_cext.py", line 142, in __init__
    self.connect(**kwargs)
  File "C:\Users\RAFAEL\AppData\Local\Programs\Python\Python312\Lib\site-packages\mysql\connector\abstracts.py", line 1604, in connect
    self._open_connection()
  File "C:\Users\RAFAEL\AppData\Local\Programs\Python\Python312\Lib\site-packages\mysql\connector\connection_cext.py", line 360, in _open_connection
    raise get_mysql_exception(
mysql.connector.errors.OperationalError: 2013 (HY000): Lost connection to MySQL server at 'reading initial communication packet', system error: 0

The above exception was the direct cause of the following exception:

Traceback (most recent call last):
  File "C:\xampp\htdocs\paezlobato\servidor\main.py", line 29, in lifespan
    colector.obtener_datos_maestros()  # puede fallar
    ^^^^^^^^^^^^^^^^^^^^^^^^^^^^^^^^^
  File "C:\xampp\htdocs\paezlobato\servidor\colector.py", line 48, in obtener_datos_maestros
    clientes = self.repo_clientes.list_all(session)
               ^^^^^^^^^^^^^^^^^^^^^^^^^^^^^^^^^^^^
  File "C:\xampp\htdocs\paezlobato\servidor\persistencia\generic_repository.py", line 10, in list_all
    return session.exec(statement).all()
           ^^^^^^^^^^^^^^^^^^^^^^^
  File "C:\Users\RAFAEL\AppData\Local\Programs\Python\Python312\Lib\site-packages\sqlmodel\orm\session.py", line 83, in exec
    results = super().execute(
              ^^^^^^^^^^^^^^^^
  File "C:\Users\RAFAEL\AppData\Local\Programs\Python\Python312\Lib\site-packages\sqlalchemy\orm\session.py", line 2351, in execute
    return self._execute_internal(
           ^^^^^^^^^^^^^^^^^^^^^^^
  File "C:\Users\RAFAEL\AppData\Local\Programs\Python\Python312\Lib\site-packages\sqlalchemy\orm\session.py", line 2239, in _execute_internal
    conn = self._connection_for_bind(bind)
           ^^^^^^^^^^^^^^^^^^^^^^^^^^^^^^^
  File "C:\Users\RAFAEL\AppData\Local\Programs\Python\Python312\Lib\site-packages\sqlalchemy\orm\session.py", line 2108, in _connection_for_bind
    return trans._connection_for_bind(engine, execution_options)
           ^^^^^^^^^^^^^^^^^^^^^^^^^^^^^^^^^^^^^^^^^^^^^^^^^^^^^
  File "<string>", line 2, in _connection_for_bind
  File "C:\Users\RAFAEL\AppData\Local\Programs\Python\Python312\Lib\site-packages\sqlalchemy\orm\state_changes.py", line 137, in _go
    ret_value = fn(self, *arg, **kw)
                ^^^^^^^^^^^^^^^^^^^^
  File "C:\Users\RAFAEL\AppData\Local\Programs\Python\Python312\Lib\site-packages\sqlalchemy\orm\session.py", line 1187, in _connection_for_bind
    conn = bind.connect()
           ^^^^^^^^^^^^^^
  File "C:\Users\RAFAEL\AppData\Local\Programs\Python\Python312\Lib\site-packages\sqlalchemy\engine\base.py", line 3277, in connect
    return self._connection_cls(self)
           ^^^^^^^^^^^^^^^^^^^^^^^^^^
  File "C:\Users\RAFAEL\AppData\Local\Programs\Python\Python312\Lib\site-packages\sqlalchemy\engine\base.py", line 145, in __init__
    Connection._handle_dbapi_exception_noconnection(
  File "C:\Users\RAFAEL\AppData\Local\Programs\Python\Python312\Lib\site-packages\sqlalchemy\engine\base.py", line 2440, in _handle_dbapi_exception_noconnection
    raise sqlalchemy_exception.with_traceback(exc_info[2]) from e
  File "C:\Users\RAFAEL\AppData\Local\Programs\Python\Python312\Lib\site-packages\sqlalchemy\engine\base.py", line 143, in __init__
    self._dbapi_connection = engine.raw_connection()
                             ^^^^^^^^^^^^^^^^^^^^^^^
  File "C:\Users\RAFAEL\AppData\Local\Programs\Python\Python312\Lib\site-packages\sqlalchemy\engine\base.py", line 3301, in raw_connection
    return self.pool.connect()
           ^^^^^^^^^^^^^^^^^^^
  File "C:\Users\RAFAEL\AppData\Local\Programs\Python\Python312\Lib\site-packages\sqlalchemy\pool\base.py", line 447, in connect
    return _ConnectionFairy._checkout(self)
           ^^^^^^^^^^^^^^^^^^^^^^^^^^^^^^^^
  File "C:\Users\RAFAEL\AppData\Local\Programs\Python\Python312\Lib\site-packages\sqlalchemy\pool\base.py", line 1264, in _checkout
    fairy = _ConnectionRecord.checkout(pool)
            ^^^^^^^^^^^^^^^^^^^^^^^^^^^^^^^^
  File "C:\Users\RAFAEL\AppData\Local\Programs\Python\Python312\Lib\site-packages\sqlalchemy\pool\base.py", line 711, in checkout
    rec = pool._do_get()
          ^^^^^^^^^^^^^^
  File "C:\Users\RAFAEL\AppData\Local\Programs\Python\Python312\Lib\site-packages\sqlalchemy\pool\impl.py", line 177, in _do_get
    with util.safe_reraise():
         ^^^^^^^^^^^^^^^^^^^
  File "C:\Users\RAFAEL\AppData\Local\Programs\Python\Python312\Lib\site-packages\sqlalchemy\util\langhelpers.py", line 224, in __exit__
    raise exc_value.with_traceback(exc_tb)
  File "C:\Users\RAFAEL\AppData\Local\Programs\Python\Python312\Lib\site-packages\sqlalchemy\pool\impl.py", line 175, in _do_get
    return self._create_connection()
           ^^^^^^^^^^^^^^^^^^^^^^^^^
  File "C:\Users\RAFAEL\AppData\Local\Programs\Python\Python312\Lib\site-packages\sqlalchemy\pool\base.py", line 388, in _create_connection
    return _ConnectionRecord(self)
           ^^^^^^^^^^^^^^^^^^^^^^^
  File "C:\Users\RAFAEL\AppData\Local\Programs\Python\Python312\Lib\site-packages\sqlalchemy\pool\base.py", line 673, in __init__
    self.__connect()
  File "C:\Users\RAFAEL\AppData\Local\Programs\Python\Python312\Lib\site-packages\sqlalchemy\pool\base.py", line 899, in __connect
    with util.safe_reraise():
         ^^^^^^^^^^^^^^^^^^^
  File "C:\Users\RAFAEL\AppData\Local\Programs\Python\Python312\Lib\site-packages\sqlalchemy\util\langhelpers.py", line 224, in __exit__
    raise exc_value.with_traceback(exc_tb)
  File "C:\Users\RAFAEL\AppData\Local\Programs\Python\Python312\Lib\site-packages\sqlalchemy\pool\base.py", line 895, in __connect
    self.dbapi_connection = connection = pool._invoke_creator(self)
                                         ^^^^^^^^^^^^^^^^^^^^^^^^^^
  File "C:\Users\RAFAEL\AppData\Local\Programs\Python\Python312\Lib\site-packages\sqlalchemy\engine\create.py", line 661, in connect
    return dialect.connect(*cargs, **cparams)
           ^^^^^^^^^^^^^^^^^^^^^^^^^^^^^^^^^^
  File "C:\Users\RAFAEL\AppData\Local\Programs\Python\Python312\Lib\site-packages\sqlalchemy\engine\default.py", line 629, in connect
    return self.loaded_dbapi.connect(*cargs, **cparams)  # type: ignore[no-any-return]  # NOQA: E501
           ^^^^^^^^^^^^^^^^^^^^^^^^^^^^^^^^^^^^^^^^^^^^
  File "C:\Users\RAFAEL\AppData\Local\Programs\Python\Python312\Lib\site-packages\mysql\connector\pooling.py", line 322, in connect
    return CMySQLConnection(*args, **kwargs)
           ^^^^^^^^^^^^^^^^^^^^^^^^^^^^^^^^^
  File "C:\Users\RAFAEL\AppData\Local\Programs\Python\Python312\Lib\site-packages\mysql\connector\connection_cext.py", line 142, in __init__
    self.connect(**kwargs)
  File "C:\Users\RAFAEL\AppData\Local\Programs\Python\Python312\Lib\site-packages\mysql\connector\abstracts.py", line 1604, in connect
    self._open_connection()
  File "C:\Users\RAFAEL\AppData\Local\Programs\Python\Python312\Lib\site-packages\mysql\connector\connection_cext.py", line 360, in _open_connection
    raise get_mysql_exception(
sqlalchemy.exc.OperationalError: (mysql.connector.errors.OperationalError) 2013 (HY000): Lost connection to MySQL server at 'reading initial communication packet', system error: 0
(Background on this error at: https://sqlalche.me/e/20/e3q8)
2025-12-11 09:20:43 [INFO] configurar_logs: 🟢 Logging configurado correctamente
2025-12-11 09:20:43 [INFO] paezlobato_servidor: Aplicación iniciada
2025-12-11 09:20:43 [INFO] paezlobato_servidor: Rutas montadas correctamente
2025-12-11 09:22:14 [ERROR] paezlobato_servidor: Fallo al inicializar datos maestros
Traceback (most recent call last):
  File "C:\Users\RAFAEL\AppData\Local\Programs\Python\Python312\Lib\site-packages\mysql\connector\connection_cext.py", line 354, in _open_connection
    self._cmysql.connect(**cnx_kwargs)
_mysql_connector.MySQLInterfaceError: Lost connection to MySQL server at 'reading initial communication packet', system error: 0

The above exception was the direct cause of the following exception:

Traceback (most recent call last):
  File "C:\Users\RAFAEL\AppData\Local\Programs\Python\Python312\Lib\site-packages\sqlalchemy\engine\base.py", line 143, in __init__
    self._dbapi_connection = engine.raw_connection()
                             ^^^^^^^^^^^^^^^^^^^^^^^
  File "C:\Users\RAFAEL\AppData\Local\Programs\Python\Python312\Lib\site-packages\sqlalchemy\engine\base.py", line 3301, in raw_connection
    return self.pool.connect()
           ^^^^^^^^^^^^^^^^^^^
  File "C:\Users\RAFAEL\AppData\Local\Programs\Python\Python312\Lib\site-packages\sqlalchemy\pool\base.py", line 447, in connect
    return _ConnectionFairy._checkout(self)
           ^^^^^^^^^^^^^^^^^^^^^^^^^^^^^^^^
  File "C:\Users\RAFAEL\AppData\Local\Programs\Python\Python312\Lib\site-packages\sqlalchemy\pool\base.py", line 1264, in _checkout
    fairy = _ConnectionRecord.checkout(pool)
            ^^^^^^^^^^^^^^^^^^^^^^^^^^^^^^^^
  File "C:\Users\RAFAEL\AppData\Local\Programs\Python\Python312\Lib\site-packages\sqlalchemy\pool\base.py", line 711, in checkout
    rec = pool._do_get()
          ^^^^^^^^^^^^^^
  File "C:\Users\RAFAEL\AppData\Local\Programs\Python\Python312\Lib\site-packages\sqlalchemy\pool\impl.py", line 177, in _do_get
    with util.safe_reraise():
         ^^^^^^^^^^^^^^^^^^^
  File "C:\Users\RAFAEL\AppData\Local\Programs\Python\Python312\Lib\site-packages\sqlalchemy\util\langhelpers.py", line 224, in __exit__
    raise exc_value.with_traceback(exc_tb)
  File "C:\Users\RAFAEL\AppData\Local\Programs\Python\Python312\Lib\site-packages\sqlalchemy\pool\impl.py", line 175, in _do_get
    return self._create_connection()
           ^^^^^^^^^^^^^^^^^^^^^^^^^
  File "C:\Users\RAFAEL\AppData\Local\Programs\Python\Python312\Lib\site-packages\sqlalchemy\pool\base.py", line 388, in _create_connection
    return _ConnectionRecord(self)
           ^^^^^^^^^^^^^^^^^^^^^^^
  File "C:\Users\RAFAEL\AppData\Local\Programs\Python\Python312\Lib\site-packages\sqlalchemy\pool\base.py", line 673, in __init__
    self.__connect()
  File "C:\Users\RAFAEL\AppData\Local\Programs\Python\Python312\Lib\site-packages\sqlalchemy\pool\base.py", line 899, in __connect
    with util.safe_reraise():
         ^^^^^^^^^^^^^^^^^^^
  File "C:\Users\RAFAEL\AppData\Local\Programs\Python\Python312\Lib\site-packages\sqlalchemy\util\langhelpers.py", line 224, in __exit__
    raise exc_value.with_traceback(exc_tb)
  File "C:\Users\RAFAEL\AppData\Local\Programs\Python\Python312\Lib\site-packages\sqlalchemy\pool\base.py", line 895, in __connect
    self.dbapi_connection = connection = pool._invoke_creator(self)
                                         ^^^^^^^^^^^^^^^^^^^^^^^^^^
  File "C:\Users\RAFAEL\AppData\Local\Programs\Python\Python312\Lib\site-packages\sqlalchemy\engine\create.py", line 661, in connect
    return dialect.connect(*cargs, **cparams)
           ^^^^^^^^^^^^^^^^^^^^^^^^^^^^^^^^^^
  File "C:\Users\RAFAEL\AppData\Local\Programs\Python\Python312\Lib\site-packages\sqlalchemy\engine\default.py", line 629, in connect
    return self.loaded_dbapi.connect(*cargs, **cparams)  # type: ignore[no-any-return]  # NOQA: E501
           ^^^^^^^^^^^^^^^^^^^^^^^^^^^^^^^^^^^^^^^^^^^^
  File "C:\Users\RAFAEL\AppData\Local\Programs\Python\Python312\Lib\site-packages\mysql\connector\pooling.py", line 322, in connect
    return CMySQLConnection(*args, **kwargs)
           ^^^^^^^^^^^^^^^^^^^^^^^^^^^^^^^^^
  File "C:\Users\RAFAEL\AppData\Local\Programs\Python\Python312\Lib\site-packages\mysql\connector\connection_cext.py", line 142, in __init__
    self.connect(**kwargs)
  File "C:\Users\RAFAEL\AppData\Local\Programs\Python\Python312\Lib\site-packages\mysql\connector\abstracts.py", line 1604, in connect
    self._open_connection()
  File "C:\Users\RAFAEL\AppData\Local\Programs\Python\Python312\Lib\site-packages\mysql\connector\connection_cext.py", line 360, in _open_connection
    raise get_mysql_exception(
mysql.connector.errors.OperationalError: 2013 (HY000): Lost connection to MySQL server at 'reading initial communication packet', system error: 0

The above exception was the direct cause of the following exception:

Traceback (most recent call last):
  File "C:\xampp\htdocs\paezlobato\servidor\main.py", line 29, in lifespan
    colector.obtener_datos_maestros()  # puede fallar
    ^^^^^^^^^^^^^^^^^^^^^^^^^^^^^^^^^
  File "C:\xampp\htdocs\paezlobato\servidor\colector.py", line 48, in obtener_datos_maestros
    clientes = self.repo_clientes.list_all(session)
               ^^^^^^^^^^^^^^^^^^^^^^^^^^^^^^^^^^^^
  File "C:\xampp\htdocs\paezlobato\servidor\persistencia\generic_repository.py", line 10, in list_all
    return session.exec(statement).all()
           ^^^^^^^^^^^^^^^^^^^^^^^
  File "C:\Users\RAFAEL\AppData\Local\Programs\Python\Python312\Lib\site-packages\sqlmodel\orm\session.py", line 83, in exec
    results = super().execute(
              ^^^^^^^^^^^^^^^^
  File "C:\Users\RAFAEL\AppData\Local\Programs\Python\Python312\Lib\site-packages\sqlalchemy\orm\session.py", line 2351, in execute
    return self._execute_internal(
           ^^^^^^^^^^^^^^^^^^^^^^^
  File "C:\Users\RAFAEL\AppData\Local\Programs\Python\Python312\Lib\site-packages\sqlalchemy\orm\session.py", line 2239, in _execute_internal
    conn = self._connection_for_bind(bind)
           ^^^^^^^^^^^^^^^^^^^^^^^^^^^^^^^
  File "C:\Users\RAFAEL\AppData\Local\Programs\Python\Python312\Lib\site-packages\sqlalchemy\orm\session.py", line 2108, in _connection_for_bind
    return trans._connection_for_bind(engine, execution_options)
           ^^^^^^^^^^^^^^^^^^^^^^^^^^^^^^^^^^^^^^^^^^^^^^^^^^^^^
  File "<string>", line 2, in _connection_for_bind
  File "C:\Users\RAFAEL\AppData\Local\Programs\Python\Python312\Lib\site-packages\sqlalchemy\orm\state_changes.py", line 137, in _go
    ret_value = fn(self, *arg, **kw)
                ^^^^^^^^^^^^^^^^^^^^
  File "C:\Users\RAFAEL\AppData\Local\Programs\Python\Python312\Lib\site-packages\sqlalchemy\orm\session.py", line 1187, in _connection_for_bind
    conn = bind.connect()
           ^^^^^^^^^^^^^^
  File "C:\Users\RAFAEL\AppData\Local\Programs\Python\Python312\Lib\site-packages\sqlalchemy\engine\base.py", line 3277, in connect
    return self._connection_cls(self)
           ^^^^^^^^^^^^^^^^^^^^^^^^^^
  File "C:\Users\RAFAEL\AppData\Local\Programs\Python\Python312\Lib\site-packages\sqlalchemy\engine\base.py", line 145, in __init__
    Connection._handle_dbapi_exception_noconnection(
  File "C:\Users\RAFAEL\AppData\Local\Programs\Python\Python312\Lib\site-packages\sqlalchemy\engine\base.py", line 2440, in _handle_dbapi_exception_noconnection
    raise sqlalchemy_exception.with_traceback(exc_info[2]) from e
  File "C:\Users\RAFAEL\AppData\Local\Programs\Python\Python312\Lib\site-packages\sqlalchemy\engine\base.py", line 143, in __init__
    self._dbapi_connection = engine.raw_connection()
                             ^^^^^^^^^^^^^^^^^^^^^^^
  File "C:\Users\RAFAEL\AppData\Local\Programs\Python\Python312\Lib\site-packages\sqlalchemy\engine\base.py", line 3301, in raw_connection
    return self.pool.connect()
           ^^^^^^^^^^^^^^^^^^^
  File "C:\Users\RAFAEL\AppData\Local\Programs\Python\Python312\Lib\site-packages\sqlalchemy\pool\base.py", line 447, in connect
    return _ConnectionFairy._checkout(self)
           ^^^^^^^^^^^^^^^^^^^^^^^^^^^^^^^^
  File "C:\Users\RAFAEL\AppData\Local\Programs\Python\Python312\Lib\site-packages\sqlalchemy\pool\base.py", line 1264, in _checkout
    fairy = _ConnectionRecord.checkout(pool)
            ^^^^^^^^^^^^^^^^^^^^^^^^^^^^^^^^
  File "C:\Users\RAFAEL\AppData\Local\Programs\Python\Python312\Lib\site-packages\sqlalchemy\pool\base.py", line 711, in checkout
    rec = pool._do_get()
          ^^^^^^^^^^^^^^
  File "C:\Users\RAFAEL\AppData\Local\Programs\Python\Python312\Lib\site-packages\sqlalchemy\pool\impl.py", line 177, in _do_get
    with util.safe_reraise():
         ^^^^^^^^^^^^^^^^^^^
  File "C:\Users\RAFAEL\AppData\Local\Programs\Python\Python312\Lib\site-packages\sqlalchemy\util\langhelpers.py", line 224, in __exit__
    raise exc_value.with_traceback(exc_tb)
  File "C:\Users\RAFAEL\AppData\Local\Programs\Python\Python312\Lib\site-packages\sqlalchemy\pool\impl.py", line 175, in _do_get
    return self._create_connection()
           ^^^^^^^^^^^^^^^^^^^^^^^^^
  File "C:\Users\RAFAEL\AppData\Local\Programs\Python\Python312\Lib\site-packages\sqlalchemy\pool\base.py", line 388, in _create_connection
    return _ConnectionRecord(self)
           ^^^^^^^^^^^^^^^^^^^^^^^
  File "C:\Users\RAFAEL\AppData\Local\Programs\Python\Python312\Lib\site-packages\sqlalchemy\pool\base.py", line 673, in __init__
    self.__connect()
  File "C:\Users\RAFAEL\AppData\Local\Programs\Python\Python312\Lib\site-packages\sqlalchemy\pool\base.py", line 899, in __connect
    with util.safe_reraise():
         ^^^^^^^^^^^^^^^^^^^
  File "C:\Users\RAFAEL\AppData\Local\Programs\Python\Python312\Lib\site-packages\sqlalchemy\util\langhelpers.py", line 224, in __exit__
    raise exc_value.with_traceback(exc_tb)
  File "C:\Users\RAFAEL\AppData\Local\Programs\Python\Python312\Lib\site-packages\sqlalchemy\pool\base.py", line 895, in __connect
    self.dbapi_connection = connection = pool._invoke_creator(self)
                                         ^^^^^^^^^^^^^^^^^^^^^^^^^^
  File "C:\Users\RAFAEL\AppData\Local\Programs\Python\Python312\Lib\site-packages\sqlalchemy\engine\create.py", line 661, in connect
    return dialect.connect(*cargs, **cparams)
           ^^^^^^^^^^^^^^^^^^^^^^^^^^^^^^^^^^
  File "C:\Users\RAFAEL\AppData\Local\Programs\Python\Python312\Lib\site-packages\sqlalchemy\engine\default.py", line 629, in connect
    return self.loaded_dbapi.connect(*cargs, **cparams)  # type: ignore[no-any-return]  # NOQA: E501
           ^^^^^^^^^^^^^^^^^^^^^^^^^^^^^^^^^^^^^^^^^^^^
  File "C:\Users\RAFAEL\AppData\Local\Programs\Python\Python312\Lib\site-packages\mysql\connector\pooling.py", line 322, in connect
    return CMySQLConnection(*args, **kwargs)
           ^^^^^^^^^^^^^^^^^^^^^^^^^^^^^^^^^
  File "C:\Users\RAFAEL\AppData\Local\Programs\Python\Python312\Lib\site-packages\mysql\connector\connection_cext.py", line 142, in __init__
    self.connect(**kwargs)
  File "C:\Users\RAFAEL\AppData\Local\Programs\Python\Python312\Lib\site-packages\mysql\connector\abstracts.py", line 1604, in connect
    self._open_connection()
  File "C:\Users\RAFAEL\AppData\Local\Programs\Python\Python312\Lib\site-packages\mysql\connector\connection_cext.py", line 360, in _open_connection
    raise get_mysql_exception(
sqlalchemy.exc.OperationalError: (mysql.connector.errors.OperationalError) 2013 (HY000): Lost connection to MySQL server at 'reading initial communication packet', system error: 0
(Background on this error at: https://sqlalche.me/e/20/e3q8)
2025-12-11 09:24:04 [INFO] configurar_logs: 🟢 Logging configurado correctamente
2025-12-11 09:24:04 [INFO] paezlobato_servidor: Aplicación iniciada
2025-12-11 09:24:04 [INFO] paezlobato_servidor: Rutas montadas correctamente
2025-12-11 09:24:20 [INFO] configurar_logs: 🟢 Logging configurado correctamente
2025-12-11 09:24:20 [INFO] paezlobato_servidor: Aplicación iniciada
2025-12-11 09:24:20 [INFO] paezlobato_servidor: Rutas montadas correctamente
2025-12-11 09:25:44 [ERROR] paezlobato_servidor: Fallo al inicializar datos maestros
Traceback (most recent call last):
  File "C:\xampp\htdocs\paezlobato\.venv\Lib\site-packages\mysql\connector\connection_cext.py", line 354, in _open_connection
    self._cmysql.connect(**cnx_kwargs)
_mysql_connector.MySQLInterfaceError: Lost connection to MySQL server at 'reading initial communication packet', system error: 0

The above exception was the direct cause of the following exception:

Traceback (most recent call last):
  File "C:\xampp\htdocs\paezlobato\.venv\Lib\site-packages\sqlalchemy\engine\base.py", line 143, in __init__
    self._dbapi_connection = engine.raw_connection()
                             ^^^^^^^^^^^^^^^^^^^^^^^
  File "C:\xampp\htdocs\paezlobato\.venv\Lib\site-packages\sqlalchemy\engine\base.py", line 3301, in raw_connection
    return self.pool.connect()
           ^^^^^^^^^^^^^^^^^^^
  File "C:\xampp\htdocs\paezlobato\.venv\Lib\site-packages\sqlalchemy\pool\base.py", line 447, in connect
    return _ConnectionFairy._checkout(self)
           ^^^^^^^^^^^^^^^^^^^^^^^^^^^^^^^^
  File "C:\xampp\htdocs\paezlobato\.venv\Lib\site-packages\sqlalchemy\pool\base.py", line 1264, in _checkout
    fairy = _ConnectionRecord.checkout(pool)
            ^^^^^^^^^^^^^^^^^^^^^^^^^^^^^^^^
  File "C:\xampp\htdocs\paezlobato\.venv\Lib\site-packages\sqlalchemy\pool\base.py", line 711, in checkout
    rec = pool._do_get()
          ^^^^^^^^^^^^^^
  File "C:\xampp\htdocs\paezlobato\.venv\Lib\site-packages\sqlalchemy\pool\impl.py", line 177, in _do_get
    with util.safe_reraise():
         ^^^^^^^^^^^^^^^^^^^
  File "C:\xampp\htdocs\paezlobato\.venv\Lib\site-packages\sqlalchemy\util\langhelpers.py", line 224, in __exit__
    raise exc_value.with_traceback(exc_tb)
  File "C:\xampp\htdocs\paezlobato\.venv\Lib\site-packages\sqlalchemy\pool\impl.py", line 175, in _do_get
    return self._create_connection()
           ^^^^^^^^^^^^^^^^^^^^^^^^^
  File "C:\xampp\htdocs\paezlobato\.venv\Lib\site-packages\sqlalchemy\pool\base.py", line 388, in _create_connection
    return _ConnectionRecord(self)
           ^^^^^^^^^^^^^^^^^^^^^^^
  File "C:\xampp\htdocs\paezlobato\.venv\Lib\site-packages\sqlalchemy\pool\base.py", line 673, in __init__
    self.__connect()
  File "C:\xampp\htdocs\paezlobato\.venv\Lib\site-packages\sqlalchemy\pool\base.py", line 899, in __connect
    with util.safe_reraise():
         ^^^^^^^^^^^^^^^^^^^
  File "C:\xampp\htdocs\paezlobato\.venv\Lib\site-packages\sqlalchemy\util\langhelpers.py", line 224, in __exit__
    raise exc_value.with_traceback(exc_tb)
  File "C:\xampp\htdocs\paezlobato\.venv\Lib\site-packages\sqlalchemy\pool\base.py", line 895, in __connect
    self.dbapi_connection = connection = pool._invoke_creator(self)
                                         ^^^^^^^^^^^^^^^^^^^^^^^^^^
  File "C:\xampp\htdocs\paezlobato\.venv\Lib\site-packages\sqlalchemy\engine\create.py", line 661, in connect
    return dialect.connect(*cargs, **cparams)
           ^^^^^^^^^^^^^^^^^^^^^^^^^^^^^^^^^^
  File "C:\xampp\htdocs\paezlobato\.venv\Lib\site-packages\sqlalchemy\engine\default.py", line 629, in connect
    return self.loaded_dbapi.connect(*cargs, **cparams)  # type: ignore[no-any-return]  # NOQA: E501
           ^^^^^^^^^^^^^^^^^^^^^^^^^^^^^^^^^^^^^^^^^^^^
  File "C:\xampp\htdocs\paezlobato\.venv\Lib\site-packages\mysql\connector\pooling.py", line 322, in connect
    return CMySQLConnection(*args, **kwargs)
           ^^^^^^^^^^^^^^^^^^^^^^^^^^^^^^^^^
  File "C:\xampp\htdocs\paezlobato\.venv\Lib\site-packages\mysql\connector\connection_cext.py", line 142, in __init__
    self.connect(**kwargs)
  File "C:\xampp\htdocs\paezlobato\.venv\Lib\site-packages\mysql\connector\abstracts.py", line 1604, in connect
    self._open_connection()
  File "C:\xampp\htdocs\paezlobato\.venv\Lib\site-packages\mysql\connector\connection_cext.py", line 360, in _open_connection
    raise get_mysql_exception(
mysql.connector.errors.OperationalError: 2013 (HY000): Lost connection to MySQL server at 'reading initial communication packet', system error: 0

The above exception was the direct cause of the following exception:

Traceback (most recent call last):
  File "C:\xampp\htdocs\paezlobato\servidor\main.py", line 29, in lifespan
    colector.obtener_datos_maestros()  # puede fallar
    ^^^^^^^^^^^^^^^^^^^^^^^^^^^^^^^^^
  File "C:\xampp\htdocs\paezlobato\servidor\colector.py", line 48, in obtener_datos_maestros
    clientes = self.repo_clientes.list_all(session)
               ^^^^^^^^^^^^^^^^^^^^^^^^^^^^^^^^^^^^
  File "C:\xampp\htdocs\paezlobato\servidor\persistencia\generic_repository.py", line 10, in list_all
    return session.exec(statement).all()
           ^^^^^^^^^^^^^^^^^^^^^^^
  File "C:\xampp\htdocs\paezlobato\.venv\Lib\site-packages\sqlmodel\orm\session.py", line 83, in exec
    results = super().execute(
              ^^^^^^^^^^^^^^^^
  File "C:\xampp\htdocs\paezlobato\.venv\Lib\site-packages\sqlalchemy\orm\session.py", line 2351, in execute
    return self._execute_internal(
           ^^^^^^^^^^^^^^^^^^^^^^^
  File "C:\xampp\htdocs\paezlobato\.venv\Lib\site-packages\sqlalchemy\orm\session.py", line 2239, in _execute_internal
    conn = self._connection_for_bind(bind)
           ^^^^^^^^^^^^^^^^^^^^^^^^^^^^^^^
  File "C:\xampp\htdocs\paezlobato\.venv\Lib\site-packages\sqlalchemy\orm\session.py", line 2108, in _connection_for_bind
    return trans._connection_for_bind(engine, execution_options)
           ^^^^^^^^^^^^^^^^^^^^^^^^^^^^^^^^^^^^^^^^^^^^^^^^^^^^^
  File "<string>", line 2, in _connection_for_bind
  File "C:\xampp\htdocs\paezlobato\.venv\Lib\site-packages\sqlalchemy\orm\state_changes.py", line 137, in _go
    ret_value = fn(self, *arg, **kw)
                ^^^^^^^^^^^^^^^^^^^^
  File "C:\xampp\htdocs\paezlobato\.venv\Lib\site-packages\sqlalchemy\orm\session.py", line 1187, in _connection_for_bind
    conn = bind.connect()
           ^^^^^^^^^^^^^^
  File "C:\xampp\htdocs\paezlobato\.venv\Lib\site-packages\sqlalchemy\engine\base.py", line 3277, in connect
    return self._connection_cls(self)
           ^^^^^^^^^^^^^^^^^^^^^^^^^^
  File "C:\xampp\htdocs\paezlobato\.venv\Lib\site-packages\sqlalchemy\engine\base.py", line 145, in __init__
    Connection._handle_dbapi_exception_noconnection(
  File "C:\xampp\htdocs\paezlobato\.venv\Lib\site-packages\sqlalchemy\engine\base.py", line 2440, in _handle_dbapi_exception_noconnection
    raise sqlalchemy_exception.with_traceback(exc_info[2]) from e
  File "C:\xampp\htdocs\paezlobato\.venv\Lib\site-packages\sqlalchemy\engine\base.py", line 143, in __init__
    self._dbapi_connection = engine.raw_connection()
                             ^^^^^^^^^^^^^^^^^^^^^^^
  File "C:\xampp\htdocs\paezlobato\.venv\Lib\site-packages\sqlalchemy\engine\base.py", line 3301, in raw_connection
    return self.pool.connect()
           ^^^^^^^^^^^^^^^^^^^
  File "C:\xampp\htdocs\paezlobato\.venv\Lib\site-packages\sqlalchemy\pool\base.py", line 447, in connect
    return _ConnectionFairy._checkout(self)
           ^^^^^^^^^^^^^^^^^^^^^^^^^^^^^^^^
  File "C:\xampp\htdocs\paezlobato\.venv\Lib\site-packages\sqlalchemy\pool\base.py", line 1264, in _checkout
    fairy = _ConnectionRecord.checkout(pool)
            ^^^^^^^^^^^^^^^^^^^^^^^^^^^^^^^^
  File "C:\xampp\htdocs\paezlobato\.venv\Lib\site-packages\sqlalchemy\pool\base.py", line 711, in checkout
    rec = pool._do_get()
          ^^^^^^^^^^^^^^
  File "C:\xampp\htdocs\paezlobato\.venv\Lib\site-packages\sqlalchemy\pool\impl.py", line 177, in _do_get
    with util.safe_reraise():
         ^^^^^^^^^^^^^^^^^^^
  File "C:\xampp\htdocs\paezlobato\.venv\Lib\site-packages\sqlalchemy\util\langhelpers.py", line 224, in __exit__
    raise exc_value.with_traceback(exc_tb)
  File "C:\xampp\htdocs\paezlobato\.venv\Lib\site-packages\sqlalchemy\pool\impl.py", line 175, in _do_get
    return self._create_connection()
           ^^^^^^^^^^^^^^^^^^^^^^^^^
  File "C:\xampp\htdocs\paezlobato\.venv\Lib\site-packages\sqlalchemy\pool\base.py", line 388, in _create_connection
    return _ConnectionRecord(self)
           ^^^^^^^^^^^^^^^^^^^^^^^
  File "C:\xampp\htdocs\paezlobato\.venv\Lib\site-packages\sqlalchemy\pool\base.py", line 673, in __init__
    self.__connect()
  File "C:\xampp\htdocs\paezlobato\.venv\Lib\site-packages\sqlalchemy\pool\base.py", line 899, in __connect
    with util.safe_reraise():
         ^^^^^^^^^^^^^^^^^^^
  File "C:\xampp\htdocs\paezlobato\.venv\Lib\site-packages\sqlalchemy\util\langhelpers.py", line 224, in __exit__
    raise exc_value.with_traceback(exc_tb)
  File "C:\xampp\htdocs\paezlobato\.venv\Lib\site-packages\sqlalchemy\pool\base.py", line 895, in __connect
    self.dbapi_connection = connection = pool._invoke_creator(self)
                                         ^^^^^^^^^^^^^^^^^^^^^^^^^^
  File "C:\xampp\htdocs\paezlobato\.venv\Lib\site-packages\sqlalchemy\engine\create.py", line 661, in connect
    return dialect.connect(*cargs, **cparams)
           ^^^^^^^^^^^^^^^^^^^^^^^^^^^^^^^^^^
  File "C:\xampp\htdocs\paezlobato\.venv\Lib\site-packages\sqlalchemy\engine\default.py", line 629, in connect
    return self.loaded_dbapi.connect(*cargs, **cparams)  # type: ignore[no-any-return]  # NOQA: E501
           ^^^^^^^^^^^^^^^^^^^^^^^^^^^^^^^^^^^^^^^^^^^^
  File "C:\xampp\htdocs\paezlobato\.venv\Lib\site-packages\mysql\connector\pooling.py", line 322, in connect
    return CMySQLConnection(*args, **kwargs)
           ^^^^^^^^^^^^^^^^^^^^^^^^^^^^^^^^^
  File "C:\xampp\htdocs\paezlobato\.venv\Lib\site-packages\mysql\connector\connection_cext.py", line 142, in __init__
    self.connect(**kwargs)
  File "C:\xampp\htdocs\paezlobato\.venv\Lib\site-packages\mysql\connector\abstracts.py", line 1604, in connect
    self._open_connection()
  File "C:\xampp\htdocs\paezlobato\.venv\Lib\site-packages\mysql\connector\connection_cext.py", line 360, in _open_connection
    raise get_mysql_exception(
sqlalchemy.exc.OperationalError: (mysql.connector.errors.OperationalError) 2013 (HY000): Lost connection to MySQL server at 'reading initial communication packet', system error: 0
(Background on this error at: https://sqlalche.me/e/20/e3q8)
2025-12-11 09:27:40 [INFO] configurar_logs: 🟢 Logging configurado correctamente
2025-12-11 09:27:40 [INFO] paezlobato_servidor: Aplicación iniciada
2025-12-11 09:27:40 [INFO] paezlobato_servidor: Rutas montadas correctamente
2025-12-11 09:28:44 [ERROR] paezlobato_servidor: Fallo al inicializar datos maestros
Traceback (most recent call last):
  File "C:\xampp\htdocs\paezlobato\.venv\Lib\site-packages\mysql\connector\connection_cext.py", line 354, in _open_connection
    self._cmysql.connect(**cnx_kwargs)
_mysql_connector.MySQLInterfaceError: Lost connection to MySQL server at 'reading initial communication packet', system error: 0

The above exception was the direct cause of the following exception:

Traceback (most recent call last):
  File "C:\xampp\htdocs\paezlobato\.venv\Lib\site-packages\sqlalchemy\engine\base.py", line 143, in __init__
    self._dbapi_connection = engine.raw_connection()
                             ^^^^^^^^^^^^^^^^^^^^^^^
  File "C:\xampp\htdocs\paezlobato\.venv\Lib\site-packages\sqlalchemy\engine\base.py", line 3301, in raw_connection
    return self.pool.connect()
           ^^^^^^^^^^^^^^^^^^^
  File "C:\xampp\htdocs\paezlobato\.venv\Lib\site-packages\sqlalchemy\pool\base.py", line 447, in connect
    return _ConnectionFairy._checkout(self)
           ^^^^^^^^^^^^^^^^^^^^^^^^^^^^^^^^
  File "C:\xampp\htdocs\paezlobato\.venv\Lib\site-packages\sqlalchemy\pool\base.py", line 1264, in _checkout
    fairy = _ConnectionRecord.checkout(pool)
            ^^^^^^^^^^^^^^^^^^^^^^^^^^^^^^^^
  File "C:\xampp\htdocs\paezlobato\.venv\Lib\site-packages\sqlalchemy\pool\base.py", line 711, in checkout
    rec = pool._do_get()
          ^^^^^^^^^^^^^^
  File "C:\xampp\htdocs\paezlobato\.venv\Lib\site-packages\sqlalchemy\pool\impl.py", line 177, in _do_get
    with util.safe_reraise():
         ^^^^^^^^^^^^^^^^^^^
  File "C:\xampp\htdocs\paezlobato\.venv\Lib\site-packages\sqlalchemy\util\langhelpers.py", line 224, in __exit__
    raise exc_value.with_traceback(exc_tb)
  File "C:\xampp\htdocs\paezlobato\.venv\Lib\site-packages\sqlalchemy\pool\impl.py", line 175, in _do_get
    return self._create_connection()
           ^^^^^^^^^^^^^^^^^^^^^^^^^
  File "C:\xampp\htdocs\paezlobato\.venv\Lib\site-packages\sqlalchemy\pool\base.py", line 388, in _create_connection
    return _ConnectionRecord(self)
           ^^^^^^^^^^^^^^^^^^^^^^^
  File "C:\xampp\htdocs\paezlobato\.venv\Lib\site-packages\sqlalchemy\pool\base.py", line 673, in __init__
    self.__connect()
  File "C:\xampp\htdocs\paezlobato\.venv\Lib\site-packages\sqlalchemy\pool\base.py", line 899, in __connect
    with util.safe_reraise():
         ^^^^^^^^^^^^^^^^^^^
  File "C:\xampp\htdocs\paezlobato\.venv\Lib\site-packages\sqlalchemy\util\langhelpers.py", line 224, in __exit__
    raise exc_value.with_traceback(exc_tb)
  File "C:\xampp\htdocs\paezlobato\.venv\Lib\site-packages\sqlalchemy\pool\base.py", line 895, in __connect
    self.dbapi_connection = connection = pool._invoke_creator(self)
                                         ^^^^^^^^^^^^^^^^^^^^^^^^^^
  File "C:\xampp\htdocs\paezlobato\.venv\Lib\site-packages\sqlalchemy\engine\create.py", line 661, in connect
    return dialect.connect(*cargs, **cparams)
           ^^^^^^^^^^^^^^^^^^^^^^^^^^^^^^^^^^
  File "C:\xampp\htdocs\paezlobato\.venv\Lib\site-packages\sqlalchemy\engine\default.py", line 629, in connect
    return self.loaded_dbapi.connect(*cargs, **cparams)  # type: ignore[no-any-return]  # NOQA: E501
           ^^^^^^^^^^^^^^^^^^^^^^^^^^^^^^^^^^^^^^^^^^^^
  File "C:\xampp\htdocs\paezlobato\.venv\Lib\site-packages\mysql\connector\pooling.py", line 322, in connect
    return CMySQLConnection(*args, **kwargs)
           ^^^^^^^^^^^^^^^^^^^^^^^^^^^^^^^^^
  File "C:\xampp\htdocs\paezlobato\.venv\Lib\site-packages\mysql\connector\connection_cext.py", line 142, in __init__
    self.connect(**kwargs)
  File "C:\xampp\htdocs\paezlobato\.venv\Lib\site-packages\mysql\connector\abstracts.py", line 1604, in connect
    self._open_connection()
  File "C:\xampp\htdocs\paezlobato\.venv\Lib\site-packages\mysql\connector\connection_cext.py", line 360, in _open_connection
    raise get_mysql_exception(
mysql.connector.errors.OperationalError: 2013 (HY000): Lost connection to MySQL server at 'reading initial communication packet', system error: 0

The above exception was the direct cause of the following exception:

Traceback (most recent call last):
  File "C:\xampp\htdocs\paezlobato\servidor\main.py", line 29, in lifespan
    colector.obtener_datos_maestros()  # puede fallar
    ^^^^^^^^^^^^^^^^^^^^^^^^^^^^^^^^^
  File "C:\xampp\htdocs\paezlobato\servidor\colector.py", line 48, in obtener_datos_maestros
    clientes = self.repo_clientes.list_all(session)
               ^^^^^^^^^^^^^^^^^^^^^^^^^^^^^^^^^^^^
  File "C:\xampp\htdocs\paezlobato\servidor\persistencia\generic_repository.py", line 10, in list_all
    return session.exec(statement).all()
           ^^^^^^^^^^^^^^^^^^^^^^^
  File "C:\xampp\htdocs\paezlobato\.venv\Lib\site-packages\sqlmodel\orm\session.py", line 83, in exec
    results = super().execute(
              ^^^^^^^^^^^^^^^^
  File "C:\xampp\htdocs\paezlobato\.venv\Lib\site-packages\sqlalchemy\orm\session.py", line 2351, in execute
    return self._execute_internal(
           ^^^^^^^^^^^^^^^^^^^^^^^
  File "C:\xampp\htdocs\paezlobato\.venv\Lib\site-packages\sqlalchemy\orm\session.py", line 2239, in _execute_internal
    conn = self._connection_for_bind(bind)
           ^^^^^^^^^^^^^^^^^^^^^^^^^^^^^^^
  File "C:\xampp\htdocs\paezlobato\.venv\Lib\site-packages\sqlalchemy\orm\session.py", line 2108, in _connection_for_bind
    return trans._connection_for_bind(engine, execution_options)
           ^^^^^^^^^^^^^^^^^^^^^^^^^^^^^^^^^^^^^^^^^^^^^^^^^^^^^
  File "<string>", line 2, in _connection_for_bind
  File "C:\xampp\htdocs\paezlobato\.venv\Lib\site-packages\sqlalchemy\orm\state_changes.py", line 137, in _go
    ret_value = fn(self, *arg, **kw)
                ^^^^^^^^^^^^^^^^^^^^
  File "C:\xampp\htdocs\paezlobato\.venv\Lib\site-packages\sqlalchemy\orm\session.py", line 1187, in _connection_for_bind
    conn = bind.connect()
           ^^^^^^^^^^^^^^
  File "C:\xampp\htdocs\paezlobato\.venv\Lib\site-packages\sqlalchemy\engine\base.py", line 3277, in connect
    return self._connection_cls(self)
           ^^^^^^^^^^^^^^^^^^^^^^^^^^
  File "C:\xampp\htdocs\paezlobato\.venv\Lib\site-packages\sqlalchemy\engine\base.py", line 145, in __init__
    Connection._handle_dbapi_exception_noconnection(
  File "C:\xampp\htdocs\paezlobato\.venv\Lib\site-packages\sqlalchemy\engine\base.py", line 2440, in _handle_dbapi_exception_noconnection
    raise sqlalchemy_exception.with_traceback(exc_info[2]) from e
  File "C:\xampp\htdocs\paezlobato\.venv\Lib\site-packages\sqlalchemy\engine\base.py", line 143, in __init__
    self._dbapi_connection = engine.raw_connection()
                             ^^^^^^^^^^^^^^^^^^^^^^^
  File "C:\xampp\htdocs\paezlobato\.venv\Lib\site-packages\sqlalchemy\engine\base.py", line 3301, in raw_connection
    return self.pool.connect()
           ^^^^^^^^^^^^^^^^^^^
  File "C:\xampp\htdocs\paezlobato\.venv\Lib\site-packages\sqlalchemy\pool\base.py", line 447, in connect
    return _ConnectionFairy._checkout(self)
           ^^^^^^^^^^^^^^^^^^^^^^^^^^^^^^^^
  File "C:\xampp\htdocs\paezlobato\.venv\Lib\site-packages\sqlalchemy\pool\base.py", line 1264, in _checkout
    fairy = _ConnectionRecord.checkout(pool)
            ^^^^^^^^^^^^^^^^^^^^^^^^^^^^^^^^
  File "C:\xampp\htdocs\paezlobato\.venv\Lib\site-packages\sqlalchemy\pool\base.py", line 711, in checkout
    rec = pool._do_get()
          ^^^^^^^^^^^^^^
  File "C:\xampp\htdocs\paezlobato\.venv\Lib\site-packages\sqlalchemy\pool\impl.py", line 177, in _do_get
    with util.safe_reraise():
         ^^^^^^^^^^^^^^^^^^^
  File "C:\xampp\htdocs\paezlobato\.venv\Lib\site-packages\sqlalchemy\util\langhelpers.py", line 224, in __exit__
    raise exc_value.with_traceback(exc_tb)
  File "C:\xampp\htdocs\paezlobato\.venv\Lib\site-packages\sqlalchemy\pool\impl.py", line 175, in _do_get
    return self._create_connection()
           ^^^^^^^^^^^^^^^^^^^^^^^^^
  File "C:\xampp\htdocs\paezlobato\.venv\Lib\site-packages\sqlalchemy\pool\base.py", line 388, in _create_connection
    return _ConnectionRecord(self)
           ^^^^^^^^^^^^^^^^^^^^^^^
  File "C:\xampp\htdocs\paezlobato\.venv\Lib\site-packages\sqlalchemy\pool\base.py", line 673, in __init__
    self.__connect()
  File "C:\xampp\htdocs\paezlobato\.venv\Lib\site-packages\sqlalchemy\pool\base.py", line 899, in __connect
    with util.safe_reraise():
         ^^^^^^^^^^^^^^^^^^^
  File "C:\xampp\htdocs\paezlobato\.venv\Lib\site-packages\sqlalchemy\util\langhelpers.py", line 224, in __exit__
    raise exc_value.with_traceback(exc_tb)
  File "C:\xampp\htdocs\paezlobato\.venv\Lib\site-packages\sqlalchemy\pool\base.py", line 895, in __connect
    self.dbapi_connection = connection = pool._invoke_creator(self)
                                         ^^^^^^^^^^^^^^^^^^^^^^^^^^
  File "C:\xampp\htdocs\paezlobato\.venv\Lib\site-packages\sqlalchemy\engine\create.py", line 661, in connect
    return dialect.connect(*cargs, **cparams)
           ^^^^^^^^^^^^^^^^^^^^^^^^^^^^^^^^^^
  File "C:\xampp\htdocs\paezlobato\.venv\Lib\site-packages\sqlalchemy\engine\default.py", line 629, in connect
    return self.loaded_dbapi.connect(*cargs, **cparams)  # type: ignore[no-any-return]  # NOQA: E501
           ^^^^^^^^^^^^^^^^^^^^^^^^^^^^^^^^^^^^^^^^^^^^
  File "C:\xampp\htdocs\paezlobato\.venv\Lib\site-packages\mysql\connector\pooling.py", line 322, in connect
    return CMySQLConnection(*args, **kwargs)
           ^^^^^^^^^^^^^^^^^^^^^^^^^^^^^^^^^
  File "C:\xampp\htdocs\paezlobato\.venv\Lib\site-packages\mysql\connector\connection_cext.py", line 142, in __init__
    self.connect(**kwargs)
  File "C:\xampp\htdocs\paezlobato\.venv\Lib\site-packages\mysql\connector\abstracts.py", line 1604, in connect
    self._open_connection()
  File "C:\xampp\htdocs\paezlobato\.venv\Lib\site-packages\mysql\connector\connection_cext.py", line 360, in _open_connection
    raise get_mysql_exception(
sqlalchemy.exc.OperationalError: (mysql.connector.errors.OperationalError) 2013 (HY000): Lost connection to MySQL server at 'reading initial communication packet', system error: 0
(Background on this error at: https://sqlalche.me/e/20/e3q8)
2025-12-11 09:28:45 [INFO] configurar_logs: 🟢 Logging configurado correctamente
2025-12-11 09:28:45 [INFO] paezlobato_servidor: Aplicación iniciada
2025-12-11 09:28:45 [INFO] paezlobato_servidor: Rutas montadas correctamente
2025-12-11 09:28:54 [INFO] paezlobato_crud_routes: Acción recibida: maestros
2025-12-11 09:29:15 [INFO] paezlobato_crud_routes: Acción recibida: cargar_cuadrantes
2025-12-11 09:29:20 [INFO] paezlobato_crud_routes: Acción recibida: actualizar_detalle_cuadrante
2025-12-11 09:29:23 [INFO] paezlobato_crud_routes: Acción recibida: actualizar_detalle_cuadrante
2025-12-11 09:29:26 [INFO] paezlobato_crud_routes: Acción recibida: insertar_detalle_cuadrante
2025-12-11 09:29:27 [INFO] paezlobato_crud_routes: Acción recibida: insertar_detalle_cuadrante
2025-12-11 09:29:33 [INFO] paezlobato_crud_routes: Acción recibida: actualizar_detalle_cuadrante
2025-12-11 09:29:36 [INFO] paezlobato_crud_routes: Acción recibida: insertar_detalle_cuadrante
2025-12-11 09:29:38 [INFO] paezlobato_crud_routes: Acción recibida: insertar_detalle_cuadrante
2025-12-11 09:29:40 [INFO] paezlobato_crud_routes: Acción recibida: insertar_detalle_cuadrante
2025-12-11 09:29:48 [INFO] paezlobato_crud_routes: Acción recibida: cargar_cuadrantes
2025-12-11 09:29:51 [INFO] paezlobato_crud_routes: Acción recibida: cargar_cuadrantes
2025-12-11 09:29:54 [INFO] paezlobato_crud_routes: Acción recibida: cargar_cuadrantes
2025-12-11 09:31:05 [INFO] paezlobato_crud_routes: Acción recibida: insertar_detalle_cuadrante
2025-12-11 09:50:51 [INFO] paezlobato_crud_routes: Acción recibida: cargar_entradas
2025-12-11 09:51:13 [INFO] paezlobato_crud_routes: Acción recibida: eliminar_maestro
2025-12-11 09:51:13 [ERROR] paezlobato_crud_routes: Error al procesar la acción eliminar_maestro: 'function' object has no attribute 'pop'
2025-12-11 09:51:19 [INFO] paezlobato_crud_routes: Acción recibida: cargar_entradas
2025-12-11 09:51:25 [INFO] paezlobato_crud_routes: Acción recibida: agregar_entradas_proveedores
2025-12-11 09:51:25 [INFO] paezlobato_colector: Proveedores faltantes para el año 2025: ['SINDO']
2025-12-11 09:51:25 [INFO] paezlobato_colector: Entradas de proveedores agregadas correctamente.
2025-12-11 09:51:53 [INFO] paezlobato_crud_routes: Acción recibida: modificar_facturacion
2025-12-11 09:51:57 [INFO] paezlobato_crud_routes: Acción recibida: modificar_facturacion
2025-12-11 09:51:58 [INFO] paezlobato_crud_routes: Acción recibida: modificar_facturacion
2025-12-11 09:51:58 [INFO] paezlobato_crud_routes: Acción recibida: modificar_facturacion
2025-12-11 10:47:55 [INFO] paezlobato_crud_routes: Acción recibida: maestros
2025-12-11 14:15:48 [INFO] paezlobato_crud_routes: Acción recibida: maestros
2025-12-11 14:16:09 [INFO] paezlobato_crud_routes: Acción recibida: actualizar_detalle_cuadrante
2025-12-11 14:16:12 [INFO] paezlobato_crud_routes: Acción recibida: actualizar_detalle_cuadrante
2025-12-11 14:16:15 [INFO] paezlobato_crud_routes: Acción recibida: actualizar_detalle_cuadrante
2025-12-11 14:16:17 [INFO] paezlobato_crud_routes: Acción recibida: actualizar_detalle_cuadrante
2025-12-11 14:16:19 [INFO] paezlobato_crud_routes: Acción recibida: actualizar_detalle_cuadrante
2025-12-11 14:16:51 [INFO] paezlobato_crud_routes: Acción recibida: actualizar_detalle_cuadrante
2025-12-11 14:16:53 [INFO] paezlobato_crud_routes: Acción recibida: actualizar_detalle_cuadrante
2025-12-11 14:16:56 [INFO] paezlobato_crud_routes: Acción recibida: insertar_detalle_cuadrante
2025-12-11 14:18:07 [INFO] paezlobato_crud_routes: Acción recibida: maestros
2025-12-11 14:18:11 [INFO] paezlobato_crud_routes: Acción recibida: cargar_entradas
2025-12-11 14:19:09 [INFO] paezlobato_crud_routes: Acción recibida: maestros
2025-12-11 14:19:14 [INFO] paezlobato_crud_routes: Acción recibida: cargar_entradas
2025-12-11 14:21:10 [INFO] paezlobato_crud_routes: Acción recibida: maestros
2025-12-11 14:21:14 [INFO] paezlobato_crud_routes: Acción recibida: cargar_entradas
2025-12-11 23:24:17 [INFO] paezlobato_crud_routes: Acción recibida: maestros
2025-12-12 00:50:02 [INFO] paezlobato_crud_routes: Acción recibida: maestros
2025-12-12 00:50:42 [INFO] paezlobato_crud_routes: Acción recibida: cargar_entradas
2025-12-12 00:52:09 [INFO] paezlobato_crud_routes: Acción recibida: modificar_facturacion
2025-12-12 00:52:11 [INFO] paezlobato_crud_routes: Acción recibida: modificar_facturacion
2025-12-12 00:52:12 [INFO] paezlobato_crud_routes: Acción recibida: modificar_facturacion
2025-12-12 00:52:16 [INFO] paezlobato_crud_routes: Acción recibida: modificar_facturacion
2025-12-12 00:52:19 [INFO] paezlobato_crud_routes: Acción recibida: modificar_facturacion
2025-12-12 00:52:23 [INFO] paezlobato_crud_routes: Acción recibida: modificar_facturacion
2025-12-12 00:52:36 [INFO] paezlobato_crud_routes: Acción recibida: modificar_entrada
2025-12-12 00:52:36 [INFO] paezlobato_colector: Entrada ID 10 modificada: ene_previsto = 10
2025-12-12 00:52:38 [INFO] paezlobato_crud_routes: Acción recibida: modificar_entrada
2025-12-12 00:52:38 [INFO] paezlobato_colector: Entrada ID 10 modificada: ene_confirmado = 10
2025-12-12 00:52:40 [INFO] paezlobato_crud_routes: Acción recibida: modificar_entrada
2025-12-12 00:52:40 [INFO] paezlobato_colector: Entrada ID 10 modificada: feb_previsto = 10
2025-12-12 00:52:43 [INFO] paezlobato_crud_routes: Acción recibida: modificar_entrada
2025-12-12 00:52:43 [INFO] paezlobato_colector: Entrada ID 10 modificada: feb_confirmado = 10
2025-12-12 00:52:45 [INFO] paezlobato_crud_routes: Acción recibida: cargar_entradas
2025-12-12 00:52:49 [INFO] paezlobato_crud_routes: Acción recibida: modificar_material
2025-12-12 00:52:51 [INFO] paezlobato_crud_routes: Acción recibida: modificar_material
2025-12-12 00:52:53 [INFO] paezlobato_crud_routes: Acción recibida: modificar_facturacion
2025-12-12 00:52:54 [INFO] paezlobato_crud_routes: Acción recibida: modificar_material
2025-12-12 00:56:28 [INFO] paezlobato_crud_routes: Acción recibida: cargar_cuadrantes
2025-12-12 00:57:00 [INFO] paezlobato_crud_routes: Acción recibida: insertar_detalle_cuadrante
2025-12-12 00:57:08 [INFO] paezlobato_crud_routes: Acción recibida: insertar_detalle_cuadrante
2025-12-12 01:07:02 [INFO] paezlobato_crud_routes: Acción recibida: actualizar_detalle_cuadrante
2025-12-12 01:52:17 [INFO] paezlobato_crud_routes: Acción recibida: maestros
2025-12-12 01:52:56 [INFO] paezlobato_crud_routes: Acción recibida: maestros
2025-12-12 01:53:19 [INFO] paezlobato_crud_routes: Acción recibida: cargar_cuadrantes
2025-12-12 01:54:07 [INFO] paezlobato_crud_routes: Acción recibida: maestros
2025-12-12 01:58:47 [INFO] paezlobato_crud_routes: Acción recibida: maestros
2025-12-12 01:58:57 [INFO] paezlobato_crud_routes: Acción recibida: cargar_cuadrantes
2025-12-25 21:37:41 [INFO] configurar_logs: 🟢 Logging configurado correctamente
2025-12-25 21:37:41 [INFO] paezlobato_servidor: Aplicación iniciada
2025-12-25 21:37:41 [INFO] paezlobato_servidor: Rutas montadas correctamente
2025-12-25 21:37:41 [INFO] paezlobato_crud_routes: Acción recibida: maestros
2025-12-26 00:35:00 [INFO] paezlobato_crud_routes: Acción recibida: maestros
2025-12-26 00:35:56 [INFO] configurar_logs: 🟢 Logging configurado correctamente
2025-12-26 00:35:56 [INFO] paezlobato_servidor: Aplicación iniciada
2025-12-26 00:35:56 [INFO] paezlobato_servidor: Rutas montadas correctamente
2025-12-26 00:35:56 [INFO] paezlobato_crud_routes: Acción recibida: maestros
2025-12-26 00:37:47 [INFO] configurar_logs: 🟢 Logging configurado correctamente
2025-12-26 00:37:47 [INFO] paezlobato_servidor: Aplicación iniciada
2025-12-26 00:37:47 [INFO] paezlobato_servidor: Rutas montadas correctamente
2025-12-26 00:37:47 [INFO] paezlobato_crud_routes: Acción recibida: maestros
2025-12-28 14:34:43 [INFO] configurar_logs: 🟢 Logging configurado correctamente
2025-12-28 14:34:43 [INFO] paezlobato_servidor: Aplicación iniciada
2025-12-28 14:34:43 [INFO] paezlobato_servidor: Rutas montadas correctamente
2025-12-28 14:34:48 [INFO] paezlobato_crud_routes: Acción recibida: maestros
2025-12-28 14:34:53 [INFO] paezlobato_crud_routes: Acción recibida: maestros
2025-12-28 15:05:00 [INFO] configurar_logs: 🟢 Logging configurado correctamente
2025-12-28 15:05:00 [INFO] paezlobato_servidor: Aplicación iniciada
2025-12-28 15:05:00 [INFO] paezlobato_servidor: Rutas montadas correctamente
2025-12-28 15:05:04 [INFO] paezlobato_crud_routes: Acción recibida: maestros
2025-12-28 17:57:56 [INFO] paezlobato_crud_routes: Acción recibida: maestros
2025-12-28 17:58:25 [INFO] paezlobato_crud_routes: Acción recibida: maestros
2025-12-28 17:59:31 [INFO] paezlobato_crud_routes: Acción recibida: insertar_maestro
2025-12-28 17:59:31 [INFO] paezlobato_colector: Insertado ID 1 en la tabla materiales
2025-12-28 17:59:44 [INFO] paezlobato_crud_routes: Acción recibida: insertar_maestro
2025-12-28 17:59:44 [INFO] paezlobato_colector: Insertado ID 2 en la tabla materiales
2025-12-28 18:00:31 [INFO] paezlobato_crud_routes: Acción recibida: maestros
2025-12-28 18:05:25 [INFO] paezlobato_crud_routes: Acción recibida: insertar_maestro
2025-12-28 18:05:25 [INFO] paezlobato_colector: Insertado ID 1 en la tabla duelas
2025-12-28 18:05:43 [INFO] paezlobato_crud_routes: Acción recibida: insertar_maestro
2025-12-28 18:05:43 [INFO] paezlobato_colector: Insertado ID 2 en la tabla duelas
2025-12-28 18:19:18 [INFO] paezlobato_crud_routes: Acción recibida: maestros
2025-12-28 18:19:27 [INFO] paezlobato_crud_routes: Acción recibida: maestros
2025-12-29 03:45:37 [INFO] configurar_logs: 🟢 Logging configurado correctamente
2025-12-29 03:45:37 [INFO] paezlobato_servidor: Aplicación iniciada
2025-12-29 03:45:37 [INFO] paezlobato_servidor: Rutas montadas correctamente
2025-12-29 03:45:40 [INFO] paezlobato_crud_routes: Acción recibida: maestros
2025-12-29 03:48:26 [INFO] paezlobato_crud_routes: Acción recibida: cargar_cuadrantes
2025-12-29 03:48:31 [INFO] paezlobato_crud_routes: Acción recibida: insertar_detalle_cuadrante
2025-12-29 03:48:33 [INFO] paezlobato_crud_routes: Acción recibida: insertar_detalle_cuadrante
2025-12-29 03:48:34 [INFO] paezlobato_crud_routes: Acción recibida: insertar_detalle_cuadrante
2025-12-29 03:48:37 [INFO] paezlobato_crud_routes: Acción recibida: insertar_detalle_cuadrante
2025-12-29 03:50:46 [INFO] paezlobato_crud_routes: Acción recibida: modificar_maestro
2025-12-29 03:50:46 [INFO] paezlobato_colector: Entrada ID 3 modificada: tipo = M
2025-12-29 03:50:48 [INFO] paezlobato_crud_routes: Acción recibida: modificar_maestro
2025-12-29 03:50:48 [INFO] paezlobato_colector: Entrada ID 3 modificada: tipo = B
2025-12-29 03:50:49 [INFO] paezlobato_crud_routes: Acción recibida: modificar_maestro
2025-12-29 03:50:49 [INFO] paezlobato_colector: Entrada ID 4 modificada: tipo = B
2025-12-29 03:58:58 [INFO] paezlobato_crud_routes: Acción recibida: maestros
2025-12-29 04:00:32 [INFO] paezlobato_crud_routes: Acción recibida: cargar_entradas
2025-12-29 04:06:53 [INFO] paezlobato_crud_routes: Acción recibida: maestros
2025-12-29 04:07:03 [INFO] paezlobato_crud_routes: Acción recibida: modificar_maestro
2025-12-29 04:07:03 [INFO] paezlobato_colector: Entrada ID 1 modificada: tipo = M
2025-12-29 04:15:43 [INFO] paezlobato_crud_routes: Acción recibida: maestros
2025-12-29 04:15:45 [INFO] paezlobato_crud_routes: Acción recibida: maestros
2025-12-29 04:15:49 [INFO] paezlobato_crud_routes: Acción recibida: maestros
2025-12-29 04:15:53 [INFO] paezlobato_crud_routes: Acción recibida: maestros
2025-12-29 04:16:04 [INFO] paezlobato_crud_routes: Acción recibida: maestros
2025-12-29 04:16:54 [INFO] paezlobato_crud_routes: Acción recibida: maestros
2025-12-29 04:31:24 [INFO] configurar_logs: 🟢 Logging configurado correctamente
2025-12-29 04:31:24 [INFO] paezlobato_servidor: Aplicación iniciada
2025-12-29 04:31:24 [INFO] paezlobato_servidor: Rutas montadas correctamente
2025-12-29 04:31:24 [INFO] paezlobato_crud_routes: Acción recibida: maestros
2025-12-29 05:35:33 [INFO] configurar_logs: 🟢 Logging configurado correctamente
2025-12-29 05:35:33 [INFO] paezlobato_servidor: Aplicación iniciada
2025-12-29 05:35:33 [INFO] paezlobato_servidor: Rutas montadas correctamente
2025-12-29 05:35:33 [INFO] paezlobato_crud_routes: Acción recibida: maestros
2025-12-29 05:45:20 [INFO] configurar_logs: 🟢 Logging configurado correctamente
2025-12-29 05:45:20 [INFO] paezlobato_servidor: Aplicación iniciada
2025-12-29 05:45:20 [INFO] paezlobato_servidor: Rutas montadas correctamente
2025-12-29 05:45:20 [ERROR] paezlobato_servidor: Fallo al inicializar datos maestros
Traceback (most recent call last):
  File "C:\xampp\htdocs\paezlobato\.venv\Lib\site-packages\mysql\connector\connection_cext.py", line 772, in cmd_query
    self._cmysql.query(
_mysql_connector.MySQLInterfaceError: Table 'paezlobato.pedidos' doesn't exist

The above exception was the direct cause of the following exception:

Traceback (most recent call last):
  File "C:\xampp\htdocs\paezlobato\.venv\Lib\site-packages\sqlalchemy\engine\base.py", line 1967, in _exec_single_context
    self.dialect.do_execute(
  File "C:\xampp\htdocs\paezlobato\.venv\Lib\site-packages\sqlalchemy\engine\default.py", line 951, in do_execute
    cursor.execute(statement, parameters)
  File "C:\xampp\htdocs\paezlobato\.venv\Lib\site-packages\mysql\connector\cursor_cext.py", line 353, in execute
    self._connection.cmd_query(
  File "C:\xampp\htdocs\paezlobato\.venv\Lib\site-packages\mysql\connector\opentelemetry\context_propagation.py", line 97, in wrapper
    return method(cnx, *args, **kwargs)
           ^^^^^^^^^^^^^^^^^^^^^^^^^^^^
  File "C:\xampp\htdocs\paezlobato\.venv\Lib\site-packages\mysql\connector\connection_cext.py", line 781, in cmd_query
    raise get_mysql_exception(
mysql.connector.errors.ProgrammingError: 1146 (42S02): Table 'paezlobato.pedidos' doesn't exist

The above exception was the direct cause of the following exception:

Traceback (most recent call last):
  File "C:\xampp\htdocs\paezlobato\servidor\main.py", line 29, in lifespan
    colector.obtener_datos_maestros()  # puede fallar
    ^^^^^^^^^^^^^^^^^^^^^^^^^^^^^^^^^
  File "C:\xampp\htdocs\paezlobato\servidor\colector.py", line 69, in obtener_datos_maestros
    pedidos = self.repo_pedidos.list_all(session)
              ^^^^^^^^^^^^^^^^^^^^^^^^^^^^^^^^^^^
  File "C:\xampp\htdocs\paezlobato\servidor\persistencia\generic_repository.py", line 10, in list_all
    return session.exec(statement).all()
           ^^^^^^^^^^^^^^^^^^^^^^^
  File "C:\xampp\htdocs\paezlobato\.venv\Lib\site-packages\sqlmodel\orm\session.py", line 83, in exec
    results = super().execute(
              ^^^^^^^^^^^^^^^^
  File "C:\xampp\htdocs\paezlobato\.venv\Lib\site-packages\sqlalchemy\orm\session.py", line 2351, in execute
    return self._execute_internal(
           ^^^^^^^^^^^^^^^^^^^^^^^
  File "C:\xampp\htdocs\paezlobato\.venv\Lib\site-packages\sqlalchemy\orm\session.py", line 2249, in _execute_internal
    result: Result[Any] = compile_state_cls.orm_execute_statement(
                          ^^^^^^^^^^^^^^^^^^^^^^^^^^^^^^^^^^^^^^^^
  File "C:\xampp\htdocs\paezlobato\.venv\Lib\site-packages\sqlalchemy\orm\context.py", line 306, in orm_execute_statement
    result = conn.execute(
             ^^^^^^^^^^^^^
  File "C:\xampp\htdocs\paezlobato\.venv\Lib\site-packages\sqlalchemy\engine\base.py", line 1419, in execute
    return meth(
           ^^^^^
  File "C:\xampp\htdocs\paezlobato\.venv\Lib\site-packages\sqlalchemy\sql\elements.py", line 526, in _execute_on_connection
    return connection._execute_clauseelement(
           ^^^^^^^^^^^^^^^^^^^^^^^^^^^^^^^^^^
  File "C:\xampp\htdocs\paezlobato\.venv\Lib\site-packages\sqlalchemy\engine\base.py", line 1641, in _execute_clauseelement
    ret = self._execute_context(
          ^^^^^^^^^^^^^^^^^^^^^^
  File "C:\xampp\htdocs\paezlobato\.venv\Lib\site-packages\sqlalchemy\engine\base.py", line 1846, in _execute_context
    return self._exec_single_context(
           ^^^^^^^^^^^^^^^^^^^^^^^^^^
  File "C:\xampp\htdocs\paezlobato\.venv\Lib\site-packages\sqlalchemy\engine\base.py", line 1986, in _exec_single_context
    self._handle_dbapi_exception(
  File "C:\xampp\htdocs\paezlobato\.venv\Lib\site-packages\sqlalchemy\engine\base.py", line 2355, in _handle_dbapi_exception
    raise sqlalchemy_exception.with_traceback(exc_info[2]) from e
  File "C:\xampp\htdocs\paezlobato\.venv\Lib\site-packages\sqlalchemy\engine\base.py", line 1967, in _exec_single_context
    self.dialect.do_execute(
  File "C:\xampp\htdocs\paezlobato\.venv\Lib\site-packages\sqlalchemy\engine\default.py", line 951, in do_execute
    cursor.execute(statement, parameters)
  File "C:\xampp\htdocs\paezlobato\.venv\Lib\site-packages\mysql\connector\cursor_cext.py", line 353, in execute
    self._connection.cmd_query(
  File "C:\xampp\htdocs\paezlobato\.venv\Lib\site-packages\mysql\connector\opentelemetry\context_propagation.py", line 97, in wrapper
    return method(cnx, *args, **kwargs)
           ^^^^^^^^^^^^^^^^^^^^^^^^^^^^
  File "C:\xampp\htdocs\paezlobato\.venv\Lib\site-packages\mysql\connector\connection_cext.py", line 781, in cmd_query
    raise get_mysql_exception(
sqlalchemy.exc.ProgrammingError: (mysql.connector.errors.ProgrammingError) 1146 (42S02): Table 'paezlobato.pedidos' doesn't exist
[SQL: SELECT pedidos.id, pedidos.numero, pedidos.proveedor_id, pedidos.fecha, pedidos.entregado, pedidos.anulado 
FROM pedidos]
(Background on this error at: https://sqlalche.me/e/20/f405)
2025-12-29 05:47:03 [INFO] configurar_logs: 🟢 Logging configurado correctamente
2025-12-29 05:47:03 [INFO] paezlobato_servidor: Aplicación iniciada
2025-12-29 05:47:03 [INFO] paezlobato_servidor: Rutas montadas correctamente
2025-12-29 05:47:03 [ERROR] paezlobato_servidor: Fallo al inicializar datos maestros
Traceback (most recent call last):
  File "C:\xampp\htdocs\paezlobato\.venv\Lib\site-packages\mysql\connector\connection_cext.py", line 772, in cmd_query
    self._cmysql.query(
_mysql_connector.MySQLInterfaceError: Table 'paezlobato.pedidos' doesn't exist

The above exception was the direct cause of the following exception:

Traceback (most recent call last):
  File "C:\xampp\htdocs\paezlobato\.venv\Lib\site-packages\sqlalchemy\engine\base.py", line 1967, in _exec_single_context
    self.dialect.do_execute(
  File "C:\xampp\htdocs\paezlobato\.venv\Lib\site-packages\sqlalchemy\engine\default.py", line 951, in do_execute
    cursor.execute(statement, parameters)
  File "C:\xampp\htdocs\paezlobato\.venv\Lib\site-packages\mysql\connector\cursor_cext.py", line 353, in execute
    self._connection.cmd_query(
  File "C:\xampp\htdocs\paezlobato\.venv\Lib\site-packages\mysql\connector\opentelemetry\context_propagation.py", line 97, in wrapper
    return method(cnx, *args, **kwargs)
           ^^^^^^^^^^^^^^^^^^^^^^^^^^^^
  File "C:\xampp\htdocs\paezlobato\.venv\Lib\site-packages\mysql\connector\connection_cext.py", line 781, in cmd_query
    raise get_mysql_exception(
mysql.connector.errors.ProgrammingError: 1146 (42S02): Table 'paezlobato.pedidos' doesn't exist

The above exception was the direct cause of the following exception:

Traceback (most recent call last):
  File "C:\xampp\htdocs\paezlobato\servidor\main.py", line 29, in lifespan
    colector.obtener_datos_maestros()  # puede fallar
    ^^^^^^^^^^^^^^^^^^^^^^^^^^^^^^^^^
  File "C:\xampp\htdocs\paezlobato\servidor\colector.py", line 69, in obtener_datos_maestros
    pedidos = self.repo_pedidos.list_all(session)
              ^^^^^^^^^^^^^^^^^^^^^^^^^^^^^^^^^^^
  File "C:\xampp\htdocs\paezlobato\servidor\persistencia\generic_repository.py", line 10, in list_all
    return session.exec(statement).all()
           ^^^^^^^^^^^^^^^^^^^^^^^
  File "C:\xampp\htdocs\paezlobato\.venv\Lib\site-packages\sqlmodel\orm\session.py", line 83, in exec
    results = super().execute(
              ^^^^^^^^^^^^^^^^
  File "C:\xampp\htdocs\paezlobato\.venv\Lib\site-packages\sqlalchemy\orm\session.py", line 2351, in execute
    return self._execute_internal(
           ^^^^^^^^^^^^^^^^^^^^^^^
  File "C:\xampp\htdocs\paezlobato\.venv\Lib\site-packages\sqlalchemy\orm\session.py", line 2249, in _execute_internal
    result: Result[Any] = compile_state_cls.orm_execute_statement(
                          ^^^^^^^^^^^^^^^^^^^^^^^^^^^^^^^^^^^^^^^^
  File "C:\xampp\htdocs\paezlobato\.venv\Lib\site-packages\sqlalchemy\orm\context.py", line 306, in orm_execute_statement
    result = conn.execute(
             ^^^^^^^^^^^^^
  File "C:\xampp\htdocs\paezlobato\.venv\Lib\site-packages\sqlalchemy\engine\base.py", line 1419, in execute
    return meth(
           ^^^^^
  File "C:\xampp\htdocs\paezlobato\.venv\Lib\site-packages\sqlalchemy\sql\elements.py", line 526, in _execute_on_connection
    return connection._execute_clauseelement(
           ^^^^^^^^^^^^^^^^^^^^^^^^^^^^^^^^^^
  File "C:\xampp\htdocs\paezlobato\.venv\Lib\site-packages\sqlalchemy\engine\base.py", line 1641, in _execute_clauseelement
    ret = self._execute_context(
          ^^^^^^^^^^^^^^^^^^^^^^
  File "C:\xampp\htdocs\paezlobato\.venv\Lib\site-packages\sqlalchemy\engine\base.py", line 1846, in _execute_context
    return self._exec_single_context(
           ^^^^^^^^^^^^^^^^^^^^^^^^^^
  File "C:\xampp\htdocs\paezlobato\.venv\Lib\site-packages\sqlalchemy\engine\base.py", line 1986, in _exec_single_context
    self._handle_dbapi_exception(
  File "C:\xampp\htdocs\paezlobato\.venv\Lib\site-packages\sqlalchemy\engine\base.py", line 2355, in _handle_dbapi_exception
    raise sqlalchemy_exception.with_traceback(exc_info[2]) from e
  File "C:\xampp\htdocs\paezlobato\.venv\Lib\site-packages\sqlalchemy\engine\base.py", line 1967, in _exec_single_context
    self.dialect.do_execute(
  File "C:\xampp\htdocs\paezlobato\.venv\Lib\site-packages\sqlalchemy\engine\default.py", line 951, in do_execute
    cursor.execute(statement, parameters)
  File "C:\xampp\htdocs\paezlobato\.venv\Lib\site-packages\mysql\connector\cursor_cext.py", line 353, in execute
    self._connection.cmd_query(
  File "C:\xampp\htdocs\paezlobato\.venv\Lib\site-packages\mysql\connector\opentelemetry\context_propagation.py", line 97, in wrapper
    return method(cnx, *args, **kwargs)
           ^^^^^^^^^^^^^^^^^^^^^^^^^^^^
  File "C:\xampp\htdocs\paezlobato\.venv\Lib\site-packages\mysql\connector\connection_cext.py", line 781, in cmd_query
    raise get_mysql_exception(
sqlalchemy.exc.ProgrammingError: (mysql.connector.errors.ProgrammingError) 1146 (42S02): Table 'paezlobato.pedidos' doesn't exist
[SQL: SELECT pedidos.id, pedidos.numero, pedidos.proveedor_id, pedidos.fecha, pedidos.entregado, pedidos.anulado 
FROM pedidos]
(Background on this error at: https://sqlalche.me/e/20/f405)
2025-12-29 05:52:43 [INFO] configurar_logs: 🟢 Logging configurado correctamente
2025-12-29 05:52:43 [INFO] paezlobato_servidor: Aplicación iniciada
2025-12-29 05:52:43 [INFO] paezlobato_servidor: Rutas montadas correctamente
2025-12-29 05:52:47 [INFO] paezlobato_crud_routes: Acción recibida: maestros
2025-12-29 05:52:52 [INFO] paezlobato_crud_routes: Acción recibida: maestros
2025-12-29 05:53:13 [INFO] paezlobato_crud_routes: Acción recibida: cargar_configuracion_entradas
